Long mpc reset, solution_status: 4
Long mpc reset, solution_status: 4
Long mpc reset, solution_status: 4
Long mpc reset, solution_status: 4
Long mpc reset, solution_status: 4
Long mpc reset, solution_status: 4
Long mpc reset, solution_status: 4
Long mpc reset, solution_status: 4
Long mpc reset, solution_status: 4
Long mpc reset, solution_status: 4
Long mpc reset, solution_status: 4
Long mpc reset, solution_status: 4
Long mpc reset, solution_status: 4
Long mpc reset, solution_status: 4
Long mpc reset, solution_status: 4
Long mpc reset, solution_status: 4
Long mpc reset, solution_status: 4
Long mpc reset, solution_status: 4
Legacy long mpc recovered, primary_status: 4, fallback_status: 0
Legacy long mpc recovered, primary_status: 4, fallback_status: 0
Legacy long mpc recovered, primary_status: 4, fallback_status: 0
Legacy long mpc recovered, primary_status: 4, fallback_status: 0
Legacy long mpc recovered, primary_status: 4, fallback_status: 0
Legacy long mpc recovered, primary_status: 4, fallback_status: 0
Legacy long mpc recovered, primary_status: 4, fallback_status: 0
Legacy long mpc recovered, primary_status: 4, fallback_status: 0
Legacy long mpc recovered, primary_status: 4, fallback_status: 0
Legacy long mpc recovered, primary_status: 4, fallback_status: 0
Legacy long mpc recovered, primary_status: 4, fallback_status: 0
Legacy long mpc recovered, primary_status: 4, fallback_status: 0
Legacy long mpc recovered, primary_status: 4, fallback_status: 0
Legacy long mpc recovered, primary_status: 4, fallback_status: 0
Legacy long mpc recovered, primary_status: 4, fallback_status: 0
Legacy long mpc recovered, primary_status: 4, fallback_status: 0
Legacy long mpc recovered, primary_status: 4, fallback_status: 0
Legacy long mpc recovered, primary_status: 4, fallback_status: 0

SQP_RTI: QP solver returned error status 3 QP iteration 7.

SQP_RTI: QP solver returned error status 3 QP iteration 4.

SQP_RTI: QP solver returned error status 3 QP iteration 7.

SQP_RTI: QP solver returned error status 3 QP iteration 4.

SQP_RTI: QP solver returned error status 3 QP iteration 7.

SQP_RTI: QP solver returned error status 3 QP iteration 4.

SQP_RTI: QP solver returned error status 3 QP iteration 7.

SQP_RTI: QP solver returned error status 3 QP iteration 4.

SQP_RTI: QP solver returned error status 3 QP iteration 7.

SQP_RTI: QP solver returned error status 3 QP iteration 4.

SQP_RTI: QP solver returned error status 3 QP iteration 7.

SQP_RTI: QP solver returned error status 3 QP iteration 4.

SQP_RTI: QP solver returned error status 3 QP iteration 7.

SQP_RTI: QP solver returned error status 3 QP iteration 4.

SQP_RTI: QP solver returned error status 3 QP iteration 7.

SQP_RTI: QP solver returned error status 3 QP iteration 4.

SQP_RTI: QP solver returned error status 3 QP iteration 7.

SQP_RTI: QP solver returned error status 3 QP iteration 4.

SQP_RTI: QP solver returned error status 3 QP iteration 7.

SQP_RTI: QP solver returned error status 3 QP iteration 3.

SQP_RTI: QP solver returned error status 3 QP iteration 8.

SQP_RTI: QP solver returned error status 3 QP iteration 7.

SQP_RTI: QP solver returned error status 3 QP iteration 3.

SQP_RTI: QP solver returned error status 3 QP iteration 7.

SQP_RTI: QP solver returned error status 3 QP iteration 3.

SQP_RTI: QP solver returned error status 3 QP iteration 8.

SQP_RTI: QP solver returned error status 3 QP iteration 7.

SQP_RTI: QP solver returned error status 3 QP iteration 3.

SQP_RTI: QP solver returned error status 3 QP iteration 8.

SQP_RTI: QP solver returned error status 3 QP iteration 7.

SQP_RTI: QP solver returned error status 3 QP iteration 3.

SQP_RTI: QP solver returned error status 3 QP iteration 8.

SQP_RTI: QP solver returned error status 3 QP iteration 7.

SQP_RTI: QP solver returned error status 3 QP iteration 3.

SQP_RTI: QP solver returned error status 3 QP iteration 8.

SQP_RTI: QP solver returned error status 3 QP iteration 7.

SQP_RTI: QP solver returned error status 3 QP iteration 3.

SQP_RTI: QP solver returned error status 3 QP iteration 8.

SQP_RTI: QP solver returned error status 3 QP iteration 7.

SQP_RTI: QP solver returned error status 3 QP iteration 3.

SQP_RTI: QP solver returned error status 3 QP iteration 8.

SQP_RTI: QP solver returned error status 3 QP iteration 7.

SQP_RTI: QP solver returned error status 3 QP iteration 3.

SQP_RTI: QP solver returned error status 3 QP iteration 8.

SQP_RTI: QP solver returned error status 3 QP iteration 7.

SQP_RTI: QP solver returned error status 3 QP iteration 3.

SQP_RTI: QP solver returned error status 3 QP iteration 8.

SQP_RTI: QP solver returned error status 3 QP iteration 7.

SQP_RTI: QP solver returned error status 3 QP iteration 3.

SQP_RTI: QP solver returned error status 3 QP iteration 7.

SQP_RTI: QP solver returned error status 3 QP iteration 3.

SQP_RTI: QP solver returned error status 3 QP iteration 8.

SQP_RTI: QP solver returned error status 3 QP iteration 7.

SQP_RTI: QP solver returned error status 3 QP iteration 3.

SQP_RTI: QP solver returned error status 3 QP iteration 8.

SQP_RTI: QP solver returned error status 3 QP iteration 7.

SQP_RTI: QP solver returned error status 3 QP iteration 3.

SQP_RTI: QP solver returned error status 3 QP iteration 8.

SQP_RTI: QP solver returned error status 3 QP iteration 7.

SQP_RTI: QP solver returned error status 3 QP iteration 3.

SQP_RTI: QP solver returned error status 3 QP iteration 8.

SQP_RTI: QP solver returned error status 3 QP iteration 7.

SQP_RTI: QP solver returned error status 3 QP iteration 3.

SQP_RTI: QP solver returned error status 3 QP iteration 8.

SQP_RTI: QP solver returned error status 3 QP iteration 7.

SQP_RTI: QP solver returned error status 3 QP iteration 3.

SQP_RTI: QP solver returned error status 3 QP iteration 8.

SQP_RTI: QP solver returned error status 3 QP iteration 7.

SQP_RTI: QP sol{"artifact": "docs/tesla/evidence/integrated-planner-p1.json", "passed": true}
ver returned error status 3 QP iteration 3.

SQP_RTI: QP solver returned error status 3 QP iteration 8.
